[Ainan Zero] Ahn ❤ Ahn ❤ Unlucky (COMIC X-Eros #88).zip